> Task :compileJava UP-TO-DATE
> Task :processResources UP-TO-DATE
> Task :classes UP-TO-DATE
> Task :resolveMainClassName

> Task :bootRun

  .   ____          _            __ _ _
 /\\ / ___'_ __ _ _(_)_ __  __ _ \ \ \ \
( ( )\___ | '_ | '_| | '_ \/ _` | \ \ \ \
 \\/  ___)| |_)| | | | | || (_| |  ) ) ) )
  '  |____| .__|_| |_|_| |_\__, | / / / /
 =========|_|==============|___/=/_/_/_/

 :: Spring Boot ::                (v4.1.1)

2026-10-07T12:22:22.542+09:00  INFO 27428 --- [free-form-janken] [           main] com.example.janken.JankenApplication     : Starting JankenApplication using Java 21.0.11 with PID 27428 (C:\exPractice\free-form-janken\build\classes\java\main started by CodexSandboxOffline in C:\exPractice\free-form-janken)
2026-10-07T12:22:22.544+09:00  INFO 27428 --- [free-form-janken] [           main] com.example.janken.JankenApplication     : No active profile set, falling back to 1 default profile: "default"
2026-10-07T12:22:31.592+09:00  INFO 27428 --- [free-form-janken] [           main] o.s.boot.tomcat.TomcatWebServer          : Tomcat initialized with port 18080 (http)
2026-10-07T12:22:31.624+09:00  INFO 27428 --- [free-form-janken] [           main] o.apache.catalina.core.StandardService   : Starting service [Tomcat]
2026-10-07T12:22:31.627+09:00  INFO 27428 --- [free-form-janken] [           main] o.apache.catalina.core.StandardEngine    : Starting Servlet engine: [Apache Tomcat/11.0.24]
2026-10-07T12:22:31.708+09:00  INFO 27428 --- [free-form-janken] [           main] b.w.c.s.WebApplicationContextInitializer : Root WebApplicationContext: initialization completed in 9109 ms
2026-10-07T12:22:32.359+09:00  INFO 27428 --- [free-form-janken] [           main] o.s.boot.tomcat.TomcatWebServer          : Tomcat started on port 18080 (http) with context path '/'
2026-10-07T12:22:32.366+09:00  INFO 27428 --- [free-form-janken] [           main] com.example.janken.JankenApplication     : Started JankenApplication in 10.282 seconds (process running for 10.682)
2026-10-07T12:22:43.010+09:00  INFO 27428 --- [free-form-janken] [io-18080-exec-1] o.a.c.c.C.[Tomcat].[localhost].[/]       : Initializing Spring DispatcherServlet 'dispatcherServlet'
2026-10-07T12:22:43.011+09:00  INFO 27428 --- [free-form-janken] [io-18080-exec-1] o.s.web.servlet.DispatcherServlet        : Initializing Servlet 'dispatcherServlet'
2026-10-07T12:22:43.014+09:00  INFO 27428 --- [free-form-janken] [io-18080-exec-1] o.s.web.servlet.DispatcherServlet        : Completed initialization in 2 ms

> Task :bootRun FAILED

FAILURE: Build failed with an exception.

* What went wrong:
Execution failed for task ':bootRun'.
> Process 'command 'C:\pleiades\2026-06\java\21\bin\java.exe'' finished with non-zero exit value -1

* Try:
> Run with --stacktrace option to get the stack trace.
> Run with --info or --debug option to get more log output.
> Run with --scan to get full insights.
> Get more help at https://help.gradle.org.

BUILD FAILED in 50s
4 actionable tasks: 2 executed, 2 up-to-date
