Starting a Gradle Daemon, 4 busy and 1 stopped Daemons could not be reused, use --status for details
> Task :compileJava UP-TO-DATE
> Task :processResources UP-TO-DATE
> Task :classes UP-TO-DATE
> Task :resolveMainClassName

> Task :bootRun

  .   ____          _            __ _ _
 /\\ / ___'_ __ _ _(_)_ __  __ _ \ \ \ \
( ( )\___ | '_ | '_| | '_ \/ _` | \ \ \ \
 \\/  ___)| |_)| | | | | || (_| |  ) ) ) )
  '  |____| .__|_| |_|_| |_\__, | / / / /
 =========|_|==============|___/=/_/_/_/

 :: Spring Boot ::                (v4.1.1)

2026-10-07T14:54:34.808+09:00  INFO 34232 --- [free-form-janken] [           main] com.example.janken.JankenApplication     : Starting JankenApplication using Java 21.0.11 with PID 34232 (C:\exPractice\free-form-janken\build\classes\java\main started by CodexSandboxOffline in C:\exPractice\free-form-janken)
2026-10-07T14:54:34.817+09:00  INFO 34232 --- [free-form-janken] [           main] com.example.janken.JankenApplication     : No active profile set, falling back to 1 default profile: "default"
2026-10-07T14:54:45.587+09:00  INFO 34232 --- [free-form-janken] [           main] o.s.boot.tomcat.TomcatWebServer          : Tomcat initialized with port 8080 (http)
2026-10-07T14:54:45.619+09:00  INFO 34232 --- [free-form-janken] [           main] o.apache.catalina.core.StandardService   : Starting service [Tomcat]
2026-10-07T14:54:45.620+09:00  INFO 34232 --- [free-form-janken] [           main] o.apache.catalina.core.StandardEngine    : Starting Servlet engine: [Apache Tomcat/11.0.24]
2026-10-07T14:54:45.719+09:00  INFO 34232 --- [free-form-janken] [           main] b.w.c.s.WebApplicationContextInitializer : Root WebApplicationContext: initialization completed in 10690 ms
2026-10-07T14:54:46.764+09:00  INFO 34232 --- [free-form-janken] [           main] o.s.boot.tomcat.TomcatWebServer          : Tomcat started on port 8080 (http) with context path '/'
2026-10-07T14:54:46.782+09:00  INFO 34232 --- [free-form-janken] [           main] com.example.janken.JankenApplication     : Started JankenApplication in 13.331 seconds (process running for 14.243)
2026-10-07T14:55:22.243+09:00  INFO 34232 --- [free-form-janken] [nio-8080-exec-1] o.a.c.c.C.[Tomcat].[localhost].[/]       : Initializing Spring DispatcherServlet 'dispatcherServlet'
2026-10-07T14:55:22.246+09:00  INFO 34232 --- [free-form-janken] [nio-8080-exec-1] o.s.web.servlet.DispatcherServlet        : Initializing Servlet 'dispatcherServlet'
2026-10-07T14:55:22.250+09:00  INFO 34232 --- [free-form-janken] [nio-8080-exec-1] o.s.web.servlet.DispatcherServlet        : Completed initialization in 4 ms
